------------------------------------------------------------
Timing Analyzer Summary
------------------------------------------------------------

Type  : Slow 1100mV 85C Model Setup 'clock'
Slack : 4.173
TNS   : 0.000

Type  : Slow 1100mV 85C Model Hold 'clock'
Slack : 0.374
TNS   : 0.000

Type  : Slow 1100mV 85C Model Minimum Pulse Width 'clock'
Slack : 9.104
TNS   : 0.000

Type  : Slow 1100mV 0C Model Setup 'clock'
Slack : 4.226
TNS   : 0.000

Type  : Slow 1100mV 0C Model Hold 'clock'
Slack : 0.370
TNS   : 0.000

Type  : Slow 1100mV 0C Model Minimum Pulse Width 'clock'
Slack : 9.162
TNS   : 0.000

Type  : Fast 1100mV 85C Model Setup 'clock'
Slack : 5.866
TNS   : 0.000

Type  : Fast 1100mV 85C Model Hold 'clock'
Slack : 0.182
TNS   : 0.000

Type  : Fast 1100mV 85C Model Minimum Pulse Width 'clock'
Slack : 8.795
TNS   : 0.000

Type  : Fast 1100mV 0C Model Setup 'clock'
Slack : 6.150
TNS   : 0.000

Type  : Fast 1100mV 0C Model Hold 'clock'
Slack : 0.172
TNS   : 0.000

Type  : Fast 1100mV 0C Model Minimum Pulse Width 'clock'
Slack : 8.786
TNS   : 0.000

------------------------------------------------------------
